// Jest Snapshot v1, https://goo.gl/fbAQLP

exports[`Page / renders to a snapshot 1`] = `
<section
  class="container"
>
  <form>
    <div
      style="margin-top: 10px;"
    >
      <label
        for="username"
      >
        Username
      </label>
       
      <input
        autofocus="autofocus"
        name="username"
        type="text"
      />
    </div>
     
    <div
      style="margin-top: 10px;"
    >
      <label
        for="password"
      >
        Password
      </label>
       
      <input
        name="password"
        type="password"
      />
    </div>
     
    <div
      style="margin-top: 10px;"
    >
      <input
        type="submit"
        value="Log In"
      />
    </div>
  </form>
</section>
`;
